// Jest Snapshot v1, https://goo.gl/fbAQLP

exports[`Prueba del componente GifGridItem should print the template 1`] = `
<div
  className="card animate__animated animate__bounce animate__delay-2s"
>
  <img
    alt="Titulo de prueba"
    height="100px"
    src="http://localhost/imagen.jpg"
    width="100px"
  />
  <p>
    Titulo de prueba
  </p>
</div>
`;
