// Jest Snapshot v1, https://goo.gl/fbAQLP

exports[`Test ToggleList should return the right snapshot 1`] = `
<ul
  className="list-group"
>
  <ToggleListItem
    handleDelete={[MockFunction]}
    handleToggle={[MockFunction]}
    index={0}
    key="1"
    todo={
      Object {
        "desc": "jugar",
        "done": false,
        "id": 1,
      }
    }
  />
  <ToggleListItem
    handleDelete={[MockFunction]}
    handleToggle={[MockFunction]}
    index={1}
    key="2"
    todo={
      Object {
        "desc": "dormir",
        "done": false,
        "id": 2,
      }
    }
  />
</ul>
`;
